0,25.30
1,29.49
2,26.22
3,23.93
4,23.58
5,23.26
6,23.16
7,23.09
8,23.07
9,23.08
10,23.07
11,22.96
12,22.99
13,22.90
14,22.56
15,22.19
16,22.45
17,22.56
18,22.27
19,22.31
20,22.72
21,22.84
22,22.74
23,22.56
24,22.52
25,22.71
26,22.82
27,22.89
28,22.84
29,22.81
30,22.84
31,22.94
32,22.76
33,22.69
34,22.48
35,22.52
36,22.19
37,21.94
38,21.91
39,22.00
40,22.17
41,22.34
42,22.67
43,22.66
44,22.60
45,22.50
46,22.37
47,22.26
48,22.23
49,22.15
50,22.28
51,22.40
52,22.15
53,21.87
54,21.96
55,22.21
56,22.28
57,22.18
58,22.15
59,22.09
60,22.25
61,22.15
62,22.20
63,22.13
64,22.10
65,22.01
66,21.84
67,21.77
68,21.63
69,21.50
70,21.39
71,21.25
72,21.26
73,21.44
74,21.38
75,21.35
76,21.37
77,21.41
78,21.43
79,21.38
80,21.33
81,21.34
82,21.32
83,21.54
84,21.52
85,21.75
86,21.90
87,22.08
88,22.09
89,22.27
90,22.10
91,21.79
92,21.66
93,21.56
94,21.76
95,21.98
96,21.94
97,21.87
98,21.82
99,21.59
100,21.61
101,21.74
102,21.80
103,21.89
104,21.98
105,21.91
106,21.86
107,21.73
108,21.67
109,21.59
110,21.82
111,21.82
112,22.00
113,21.96
114,21.80
115,21.64
116,21.47
117,21.42
118,21.40
119,21.52
120,21.58
121,21.78
122,21.61
123,21.58
124,21.63
125,21.67
126,21.56
127,21.60
128,21.43
129,21.29
130,21.18
131,21.18
132,21.21
133,21.26
134,21.37
135,21.44
136,21.48
137,21.47
138,21.49
139,21.32
140,21.19
141,21.12
142,21.07
143,21.11
144,21.15
145,21.11
146,20.97
147,20.97
148,20.98
149,20.99
150,21.10
151,21.31
152,21.38
153,21.43
154,21.28
155,21.42
156,21.61
157,21.50
158,21.49
159,21.21
160,21.13
161,21.03
162,21.01
163,20.81
164,20.94
165,20.96
166,21.02
167,21.08
168,21.21
169,21.19
170,21.18
171,21.21
172,21.22
173,21.28
174,21.32
175,21.24
176,21.42
177,21.32
178,21.31
179,21.34
180,21.19
181,21.23
182,21.19
183,21.13
184,21.02
185,21.16
186,21.25
187,21.26
188,21.33
189,21.36
190,21.36
191,21.36
192,21.26
193,21.40
194,21.42
195,21.42
196,21.52
197,21.47
198,21.47
199,21.41
200,21.45
201,21.40
202,21.43
203,21.47
204,21.39
205,21.56
206,21.51
207,21.69
208,21.56
209,21.49
210,21.41
211,21.39
212,21.34
213,21.32
214,21.38
215,21.40
216,21.33
217,21.50
218,21.58
219,21.49
220,21.30
221,21.28
222,21.24
223,21.43
224,21.25
225,21.58
226,21.43
227,21.52
228,21.48
229,21.51
230,21.55
231,21.62
232,21.61
233,21.62
234,21.57
235,21.63
236,21.52
237,21.56
238,21.58
239,21.58
240,21.57
241,21.49
242,21.47
243,21.42
244,21.51
245,21.61
246,21.72
247,21.78
248,21.79
249,21.73
250,21.67
251,21.69
252,21.65
253,21.71
254,21.80
255,21.81
256,21.76
257,21.78
258,21.78
259,21.74
260,21.75
261,21.79
262,21.79
263,21.80
264,21.78
265,21.78
266,21.83
267,21.76
268,21.66
269,21.79
270,21.63
271,21.81
272,21.81
273,21.75
274,21.75
275,21.86
276,21.85
277,21.90
278,21.84
279,21.87
280,21.90
281,21.99
282,21.95
283,21.98
284,21.99
285,22.02
286,22.06
287,22.18
288,22.12
289,22.13
290,22.11
291,22.23
292,22.20
293,22.25
294,22.38
295,22.45
296,22.56
297,22.43
298,22.51
299,22.58
300,22.65
301,35.98
302,35.32
303,37.73
304,38.82
305,41.52
306,42.86
307,44.19
308,46.06
309,45.12
310,45.26
311,44.25
312,44.01
313,43.72
314,44.00
315,44.34
316,44.30
317,43.94
318,44.01
319,43.80
320,44.71
321,43.83
322,43.66
323,44.43
324,44.01
325,45.04
326,44.93
327,44.66
328,45.40
329,46.17
330,45.92
331,46.09
332,46.84
333,47.27
334,44.96
335,45.17
336,45.33
337,45.79
338,45.58
339,44.98
340,44.57
341,45.08
342,45.62
343,45.49
344,45.63
345,45.67
346,45.92
347,45.81
348,45.91
349,45.79
350,45.05
351,45.77
352,46.12
353,45.67
354,44.62
355,44.50
356,44.27
357,44.84
358,43.98
359,44.61
360,44.91
361,45.27
362,44.86
363,44.80
364,44.42
365,44.74
366,44.16
367,44.73
368,45.12
369,44.38
370,45.03
371,44.89
372,45.00
373,44.81
374,44.37
375,44.60
376,44.11
377,44.08
378,44.37
379,44.69
380,44.57
381,44.70
382,44.40
383,44.80
384,43.84
385,44.14
386,44.02
387,44.99
388,44.67
389,44.68
390,43.88
391,44.95
392,45.35
393,46.00
394,44.86
395,45.36
396,45.68
397,45.50
398,45.27
399,45.54
400,45.25
401,45.61
402,45.82
403,45.37
404,45.53
405,46.01
406,45.89
407,45.89
408,46.21
409,46.50
410,47.76
411,46.51
412,47.42
413,47.52
414,47.73
415,45.90
416,47.45
417,45.49
418,46.80
419,46.97
420,46.69
421,46.73
422,45.79
423,46.53
424,46.25
425,46.36
426,45.82
427,44.19
428,43.69
429,43.60
430,44.02
431,44.11
432,43.70
433,43.42
434,43.96
435,43.52
436,43.80
437,44.12
438,43.36
439,43.46
440,43.51
441,43.57
442,44.21
443,43.49
444,44.61
445,45.29
446,44.74
447,46.50
448,44.54
449,46.22
450,44.56
451,45.67
452,46.73
453,45.95
454,45.85
455,45.90
456,45.88
457,45.98
458,44.20
459,46.19
460,45.03
461,45.65
462,45.17
463,42.75
464,43.61
465,42.93
466,43.59
467,43.67
468,42.99
469,43.79
470,45.31
471,45.13
472,44.24
473,45.24
474,44.68
475,44.67
476,45.27
477,44.52
478,43.85
479,44.20
480,44.21
481,43.85
482,44.02
483,44.83
484,44.99
485,44.01
486,44.18
487,44.09
488,44.56
489,44.87
490,45.17
491,45.01
492,44.09
493,44.87
494,44.69
495,44.80
496,43.94
497,44.59
498,44.69
499,44.91
500,42.70
501,44.99
502,43.64
503,43.89
504,43.07
505,43.85
506,43.69
507,43.77
508,43.92
509,43.84
510,43.84
511,43.71
512,43.10
513,43.41
514,43.30
515,43.71
516,43.73
517,43.26
518,43.21
519,44.06
520,43.51
521,43.68
522,44.28
523,43.85
524,44.03
525,44.77
526,43.96
527,43.93
528,44.37
529,44.57
530,44.54
531,43.76
532,44.65
533,44.22
534,43.75
535,43.92
536,43.53
537,43.59
538,44.03
539,43.75
540,43.78
541,43.49
542,43.49
543,43.66
544,43.77
545,44.25
546,44.31
547,44.12
548,44.20
549,43.98
550,44.07
551,44.16
552,44.09
553,43.93
554,43.59
555,43.76
556,43.44
557,43.17
558,43.37
559,43.08
560,43.67
561,43.62
562,43.65
563,43.08
564,42.94
565,43.11
566,43.20
567,43.46
568,43.06
569,43.34
570,42.94
571,43.31
572,42.95
573,42.82
574,42.79
575,42.71
576,42.64
577,42.62
578,42.65
579,42.30
580,42.28
581,42.85
582,42.88
583,43.10
584,43.15
585,42.86
586,42.50
587,42.50
588,42.95
589,43.12
590,42.67
591,42.94
592,42.80
593,42.94
594,43.37
595,43.17
596,43.01
597,43.45
598,43.33
599,43.35
